          << I B M   P C   B U L L E T I N   B O A R D S >>

                             USBBS43.LST
                               12/01/87

                    Copyright (c) 1987 Darwin Systems, Inc.
     May be freely distributed so long as NO modifications are made.

Please send updates via questionnaire on DARWIN BBS, 301-251-9206,12/2400 bps
Updates may be relayed also to Meade Frierson who handles PC-Pursuit info.
List is updated 2/mo   and new version released nationwide first day of month.

PHONE        STATE  CITY      SYSOP          T/S   BdHrs   NAME, FEATURES
-------------------------------------------------------------------------
201-239-1346 NJ Verona       Mark Rapp       BV   4      ^MicroSellar BBS,240
201-249-4239 NJ NewBrunswick Dave Dworkin    O    4      ^Dad's Place,85M
201-279-7048 NJ Clifton      Frank Relotto   B    4       Dean's Office,60M
201-285-5402 NJ Morristown   George Vargo         4      ^Buccaneer Co-op,70M
201-290-1183 NJ Matawan      Mike Cohen      B    4       Cloneworld BBS
201-290-1349 NJ Matawan      John Ross       D$25 4       PC-Central,133M
201-291-4134 NJ Leonardo     Keith Luken     B    9U      Wolfboy,PCjr,Sysops
201-299-7914 NJ Boontown     James Sura      B$3  4       Designed Letters
201-337-1327 NJ Franklin Lks John Dougherty  O    4,N,W   Franklin Lk ROS
201-367-8553 NJ Lakewood     Frank Adler     OV   4       Eagles Roos,30M
201-377-2526 NJ Madison      Glenn Catlin    BV   4       Stocks & Such,42M
201-396-8516 NJ Colonia      Al Reilly            4       Software Sprmkt
201-423-4258 NJ Hawthorne    Jim Wheater     B    9       Computer Nookery
201-431-4088 NJ Freehold     Brent Yandell   V    4      ^Bounty, 160M
201-446-1665 NJ Englishtown  Scott Pazur     B    4       Flea Market,210M
201-469-5409 NJ Middlesex    Roger Torre                  Airport,40M
201-472-0799 NJ Clifton      Several Sysop's C            W.O.P.R.,210M
201-494-3649 NJ Metuchen     John Kelley     T    4       Microfone TBBS
201-537-4207 NJ Hampton      Gray Davis      B    9       Rat City BBS
201-538-2526 NJ Morristown   Peter Kay            4       AT&T Infx,50M,123
201-546-1468 NJ Clifton      Glen Fredericks B    4       Token Ring,60M
201-568-7293 NJ Tenafly      Mark Seiden     DV   4       BOSS,PC-Blue,190M
201-580-0486 NJ Millington   Ezra Conger          9U      Milky Way,70M
201-595-5357 NJ Wayne        Michael Gelman  D$   4       IBM-PC Lab
201-658-5345 NJ Bridewater   Barney/Carfizzi      4       AT&T Dev,40M,dB
201-667-2504 NJ Nutley       Cliff Amlung    BV   4      ^Nutley BBS,40M
201-670-6740 NJ Glen Rock    Pascal Roy      HV   4       Pascal's
201-676-8817 NJ Orange       Dave D'Oyen     BV          ^Medic Central
201-687-7720 NJ Union City   Alex Kowalski        4      ^Cyclotron
201-694-3348 NJ Clifton      Thom Henderson  F            SEAboard, ARC home
201-729-2606 NJ Sparta       Chuck Ammann    B    9F      Chuck's Atmpt,-2602
201-729-7056 NJ Sparta       Rich Driggers   BV   4       Sparta,a. 729-5377
201-729-7410 NJ Lake Mohawk  Paul Kopit      B    4       Software Soc'ty,140
201-729-9818 NJ Sparta       Repasch/Griff   B    4       Woman's Touch,48M
201-743-2570 NJ Bloomfield   Steve Wellman   B    4      ^North Jersey PCUG
201-762-4360 NJ Maplewood    Mike Amato      V    4      ^MPA-FNSS,MutualFund
201-771-1642 NJ Summit       Doug Vohden     BV   4       Summit,72M
201-783-3298 NJ Montville    Michael Cocke   B    4      ^Hacker Central
201-783-7458 NJ Montclair    Edward Cooper   D    4      ^The Shelter
201-797-8957 NJ Elmwood Park Chris Michaels  B    4       Pegasus Proj,42M
201-831-8152 NJ Wayne        Rick Jerothe    BV   4       Sail Board,40M
201-846-6645 NJ Somerset     Bruce Kamm      O     8-22   GemNet,Diamonds
201-866-8074 NJ Secaucus     Paul J. Kurland O    9       Electronic Sensatns
201-886-8041 NJ Cliffside Pk Steve Leon      D    9U     ^Cliffside Park,290M
201-891-1483 NJ Wyckoff      Dave Garaffa    B           *PC Xchg,80M,TurboC
201-943-2226 NJ Ridgefield   Steve Linhart   F    4,N     Cork Board,107/312
201-943-5419 NJ Ridgefield   Michael Walter  B    4       The Data Base
201-963-3115 NJ Hoboken      Ronald Clark    TV   4      ^Police Station,UNP,
201-969-3544 NJ Carteret     Fred Gohlke          4     *^ACG-NJ Newsletter
201-974-8317 NJ Spring Lake  Mark Jackwicz   B    4       The Right Choice
202-272-4545 DC Washington   Byron Trantham  BV   4      ^Bu. Prisons,60M
202-376-1208 DC Washington   Pat Pasco       B    4,N,W  ^USIA
202-433-6639 DC Washington   Bill Walsh      B    4      ^Naval Weapons E.S.A
202-488-4709 DC Washington   Mark Findlay    B    4      ^B & B's
202-537-1045 DC Washington   David Stang     B    4      ^Govt Computer Net
202-547-2008 DC Washington   Robert Blacher  BV   4      ^CompConnx,DOS,Unix
202-547-4418 DC Washington   Kurt Riegel                 ^Astro
202-574-8423 DC Washington   Tony Lechtenberg     9U     ^CountryClub 2,86M
202-586-1958 DC Washington   Bruce Birnbaum              ^Megawatts,DOE,40M
202-634-1764 DC Washington   Ken Brown            4      ^SciResStudies,NSF
202-734-1796 DC Washington   Sam Simon            4       IDI Board
202-737-7264 DC Washington   Rich Campbell        4      ^FDIC,30M
203-236-3761 CT W. Hartford  Bruce Lomasky   T    4       W.Hartford Bar&Gril
203-244-2404 CT W. Hartford  T. Cichowicz    H$   4       PC-PLUS
203-268-3111 CT Trumbull     Terry Wodek     FV   4       Lil Frog's Pond,260M
203-359-9530 CT Stamford     Marc Fraioli         4       Bridge,a.353-0357
203-443-5698 CT New London   Mark Ballentine      9       Country Club
203-456-1933 CT Willimantic  Milo Tsukroff   F    4       Willi-Bd,UConn, #36
203-521-1991 CT W. Hartford  John O'Boyle    H$   4       PConnecticut,12/240
203-584-1798 CT Bristol      Ben Perron      BV   9M      Computer PlayRoom
203-738-0306 CT New Hartford Lee Winsor      B    9       Hounds Haven
203-762-6115 CT Norwalk      Jay Seaman      OV   4       Perkins-Elmer
203-791-8532 CT Danbury      Don Dawson      O    9U     *Treasure Isl Opus
203-791-8838 CT Danbury      Gary Snider     O    9U     *Rocky Road,70M
203-865-1794 CT New Haven    Geoff Hickey    F            Northern Reaches
203-873-8518 CT East Haddam  Bill Karpowicz  O    4       Utopia
203-886-5265 CT Norwich      Ken Leo              4       Users Group
205-238-0012 AL Anniston     Tom Bowerman    B$   4       Golden Springs
205-244-7053 AL Montgomery   Phil Ratliff         4      *Hot Dos & Beer,30M
205-244-8969 AL Montgomery   Norman Scott    V    4       M'ty PCUG - 20 Meg
205-251-2344 AL Birmingham   Richard Rawlins BV           Birmingham Board
205-479-0103 AL Mobile       Ken Anderson    OV   4       Southern Connection
205-821-4664 AL Auburn       Miles Lester    BV   4       Xignals/65 Meg
205-831-5121 AL Oxford       Allard Sanders  BV   4       Faith,Christian
205-853-6144 AL Birmingham   Jack Efird      B    4       Bham Sperry Board
205-854-9662 AL Birmingham   David Alge      BV   4       Apple Valley,64M
205-887-5802 AL Auburn       Robert Anderson B    4       Alabama PCBoard
205-887-6378 AL Auburn       Marvin Howell   O    4       Eagle's Nest
205-895-6152 AL Huntsville   Walt Hanley     CV   4       Access System(UAH)
206-232-1763 WA Seattle      Rick Kunz       GV   4      ^Pacific NW GT Net
206-235-8760 WA Renton       Gordon Wanner   B$   4      ^Omniverse Net
206-281-7661 WA Seattle      Dean Johnson    T$   4      ^Also 206-743-0162
206-285-5359 WA Bellevue     Riley Condor    OV   4     *^Investor's Online
206-357-7400 WA Olympia      Tim Linehan     OV   4       Znode,a.357-6757
206-364-2139 WA ??           Walter Scott    B           ^New World,Controv
206-367-3837 WA Seattle      Robert Dinse    O$   4      ^Eskimo North,70M
206-488-0924 WA Bothell      Jon Peters           4      ^Night Shift
206-621-9466 WA Seattle      Ron Watson      B$   4      ^Infinity Base,100M
206-725-9233 WA Seattle      Sal Manaro      O    4      ^Underdog's Mininet
206-745-4694 WA Seattle      George Scott    V    4      ^Protech,"C",60M
206-747-1944 WA Bellevue     Rich Greene     B           ^Crossroads
206-784-8591 WA Kent         H.Hazenberg     R    9      ^Planet Claire
206-863-0453 WA Sumner       Jason Ward      O$           Micro Magic Xenix
206-881-2214 WA Redmond      Brian Rodruck   OV   4      ^New Horizons,42M
207-428-3514 ME Portland     Ed Johnson      B    4       FAA Flight Stds,40M
207-439-9367 ME Kittery Pt   Bill Thomas     OV   4       SeaCoast Opus,60M
207-766-2467 ME Portland     Jack Kilday     B    4       Northern Lights,91M
207-865-3004 ME Freeport     Tony Cremonese  TV   4       Acorn Msg Xchg
208-375-2243 ID Boise        Keys/Chambers   T$   4       Gem State Data Acce
209-292-3522 CA Fresno       Jim Minger      O           *Top Gun,30M
209-431-2816 CA Fresno       Nick Costanzo   T    9       Fresno Tech,C,96M
209-485-2580 CA Fresno       Stephen Paulsen FV   4       Clubhouse,15M
209-732-7204 CA Visalia      Ray Means       O$15 4       Genesis Computers
212-254-3190 NY New York     Jim Mihalcik    O$   4      ^Medical BBS,NYU,230M
212-409-4194 NY New York     Ed Wolf         B$   4      ^Softlaw,Legal
212-427-1805 NY New York     Daniel Doman    DV   4      ^DannySoft,120M
212-431-1194 NY New York     Michael Sussell B    4      ^The Invention Facto
212-662-8597 NY New York     Neil Leder      BV   4      ^Doctor's Office
212-696-0360 NY New York     Chris Barr      O    4      ^PC Mag IRS,2-7 line
212-696-9777 NY New York     David Hart      O    4      ^CareerPath,Resume
212-781-4723 NY New York     Gerry Pulver    B    4      ^Friend's,Women's Af
213-214-1716 CA Torrance     Nick Socha      NV   4     *^Grand Central Sta
213-325-1608 CA Lomita       Ed Reardon      BV   4      *Impeesa's Path
213-379-8817 CA Santa Ana    Chuck Crayne    O            Chuck's
213-382-2172 CA Los Angeles  Jason Tak       BV   4      ^Jaskat Computalk
213-459-6846 CA Pac.Palisade J-Pierre Denis  B    4       Div. Pgming Svc,3Nd
213-471-2518 CA Brentwood    Eric Newhouse   V    4      ^The Crest
213-540-6853 CA Los Angeles  Rick Parker     NV   4       FarSide,60M
213-559-6954 CA Los Angeles  Bryan Tsunoda   H    4      ^PC-Store of West LA
213-822-1804 CA Venice       Linda Diiorio   BV   4      ^Network Adv'ge,30M
213-874-9484 CA W. Hollywood Richard Martz   F    4      ^W.Hollywood BBS
214-250-3323 TX Dustin       Aaron Schmiedel F    4      ^Chai Way
214-327-3527 TX Dallas       Charles Reiss   $    4      ^24Hr Ticket Agency
214-351-9859 TX Dallas       Len Hult        W           ^File Cabinet
214-370-0081 TX Colony       Perry Compton   $    4       The Pits,230M
214-392-1121 TX Dallas Area  Dennis Forcier  FV   4      ^Big D,124/010
214-418-0159 TX Dallas Area  Ray Smith       $    4      ^Aviation Conn.,2Node
214-418-9679 TX Carrollton   Dean Lachan     O    9U     ^Southern Xroads,68M
214-422-4772 TX Dallas       Chuck Lawson    F    4      ^Inside Track,124/01
214-462-8054 TX Coppell      Steve Smegner        4      ^Soft-Touch
214-463-6581 TX Denison      Lee Clayton     B    9       Doc's Off.,Denison
214-470-2206 TX Richardson   Jerry LoPiccolo BV   4,N,W  ^Sysops/ESI emply on
214-475-4598 TX Rowlett      Dan Kardell     B    4,6-24 ^Comm Link Rowlett
214-490-8107 TX Dallas Area  Bill Hummel     T    4      ^Computer Solution
214-492-8090 TX Dallas Area  Doug Davis           4      ^Double D
214-520-2826 TX Dallas       Rod Cole        O    4      ^Turbo Opus
214-522-1963 TX Dallas Area  Rice&Livingston FV   4      ^LawSIG
214-530-0607 TX Dallas Area  James Goodwin   B    4      ^VoiceTek Svcs,200M
214-530-5643 TX Garland      Josey Wales     F    4      ^Dodge City,124/003
214-578-1308 TX Dallas       Diana Stokes    F    9      ^Inside Track #2
214-821-0390 TX Dallas       Charles Boykin  O    4      ^UNIX Connx#1,3lines
214-838-6713 TX Texarkana    Griffin&Stein        4       Bi-City Xchg
214-839-2393 TX Whitehouse   Gary Griffin    O    4       Borrowed Time,97M
214-931-8073 TX Dallas       Dave Crane      $    4      ^Dallas RBBS,128M
214-991-3381 TX Dallas       David Finster   F    9U    *^Shark Sandwich
215-269-9592 PA Frazer       Tay Scott            4       Homer Central,3line
215-356-0860 PA Newtown Sq.  Peter Essl      O    4      ^Newtown Square
215-449-8381 PA Drexel Hill  Joe Mac Crory   WV   4      ^Online Sys,44M
215-486-6568 PA W. Chester   Ed Watson       BV   4       Asgard Systems
215-493-5242 PA Yardley      Richard Press   B           *Bucks Telematics
215-584-1412 PA Conshohocken Ed Barboni           4       System-2
215-627-3910 PA Philadelphia Roy Barrow      W    4      ^BBBS,Basic Pgm'ng
215-635-5227 PA Elkins Park  Karin Helstrom  $    4      ^PACS
215-649-5422 PA Ardmore      Brian Raub      W    4      ^Comm-Net
215-657-5586 PA Philadelphia Brian Moldover  T           ^Scooter Scientific
215-663-1487 PA Cheltenham   Brad Karp       F    4      ^Softshop, 107/25
215-676-0810 PA Philadelphia Feuer/Joffe     WV          ^D Place
215-678-9334 PA Wyomissing   Daniel Bair     V    4       FileCab,436M,9lines
215-721-0363 PA Hatfield     Warren Foxe     O    4       Foxes Den Fido
215-752-2053 PA Langhorne    Kathie Christie FV   4       PC Jr.
215-787-6843 PA Philadelphia Rich Vernick    W    4      ^Temple Univ
215-884-6122 PA Spring House Randy Manaka    F    4      ^DBMS,Desktop Publ
215-922-7276 PA Philadelphia Henry Jalbuena  BV   4     *^Pegasus Net
215-968-0170 PA Newtown      Ken Halbe       TV           CompCom
216-331-3576 OH Lakewood     Bill Tobin      $    4      ^Cleveland BBS
216-331-4241 OH Rocky River  Phil Ardussi    F    4      ^NE Ohio PC Club BBS
216-349-4515 OH Cleveland    Josef Stiene    BV   9U    *^InfoGuide
216-381-3320 OH Cleveland    Norm Henke      B    9U     ^PC-Ohio,a.291-3048
216-397-4513 OH Univ Heights Dave Feldman    BV   4      ^GCPCUG/JCU BBS
216-486-0348 OH Cleveland    Bob Diliberto   B$   4      ^The Telecomm Networ
216-524-6494 OH Cleveland    Bill Poissant   B    4      ^Amcom,220M
216-726-2620 OH Youngstown   R. Hardenburgh  T    4       Rusty&Edie's,20M
219-234-9403 IN South Bend   John Herod      B    9U     *Indiana Data Mgr,60
219-269-9459 IN Warsaw       Charlie Shull   BV   4,N,W   Lakeside User Group
219-287-3358 IN South Bend   Gerry Opperman  BV   4       Riv City Netw,128M
219-522-1149 IN Elkhart      Derry Nelson    BV   4       1149,125M,a.294-6104
219-762-8411 IN Portage      Dennis Wood     B    4       Last Chance
219-884-9508 IN Gary         Philip Stults   BV   9       LANS BBS #1
301-251-9206 MD Gaithersburg P. L. Olympia   B    4      ^DARWIN,dBASE,Clippe
301-252-0717 MD Lutherville  T. R. Hendricks OV   9       Avi-Technic,3-7down
301-267-4930 MD Annapolis    Vince Castelli       4       CPCUG XT-SIG,140M
301-268-5821 MD Annapolis    George Brungot       4       40M
301-282-5062 MD Baltimore    E. Ferguson          4       Grasshopper
301-285-4032 MD Baltimore    Ed Davis        OV   4       Power Tools,30M
301-299-8667 MD Potomac      Alan Sislen     B    9      ^Market PCBrd,64M
301-320-2491 MD Bethesda     Loren Olson     B    4      ^VF Assoc,320-6098
301-322-8678 MD Landover     William Watson  F    4      ^Wizard's Workshop
301-340-6296 MD Gaithersburg Murray Spencer  TV   4      ^APL
301-350-1299 MD U. Marlboro  Kim Wells            4      ^Mad Faces,Ham,Cars
301-373-8793 MD Hollywood    Gene Talley          4       Southern MD RBBS
301-420-6342 MD Suitland     Douglas Salas   O    4      ^Labyrinth
301-428-7931 MD Darnestown   Larry Jordan    T    4      ^Tcomm
301-444-0551 MD Baltimore    Mitchell Hobish BV   4       Science Lab,32M
301-480-0350 MD Bethesda     CPCUG MIX            4      ^6 nodes,Members onl
301-495-2932 MD Silver Sprng Paul LaZar      T$   4      ^Generation 5,200M
301-495-7323 MD Silver Sprng Bruce Felstein  T    9U      Aero,Boyan Supt,75M
301-498-7283 MD Laurel       Phil Grier           4      ^PC-DOS RBBS
301-540-3659 MD Columbia     Len Rose        $    4      ^NetSys,Xenix,4line
301-544-5488 MD Pasadena     Jack Liebsch    F    4       Compuvision
301-574-1984 MD Baltimore    Bill Kraski     OV   9U      Berkshire Brd,160M
301-588-9079 MD SilverSpring Bruce Guthrie   B    4      ^Picture BB,Readmac
301-589-3643 MD SilverSpring Wayne Howard    V    4      ^DMO - Silver Spring
301-596-3569 MD Columbia     Jorge Del Pinal      4      ^CPCUG Statistics SI
301-652-3251 MD Bethesda     Mark Raulin     B    4      ^Mgmt Consulting,60M
301-694-7108 MD Frederick    A. Bartorillo        4       Baudline II
301-721-1419 MD Crofton      Brian Cheetham       4       Cheetham's RBBS
301-740-8383 MD Baltimore    Jeff Dutemann   O            PC-Tech Journal BBS
301-757-9075 MD Arnold       Mike Trubow     B    4       Saloon,PCGazette
301-770-0069 Md Rockville    Rich Kissel     F           ^NOAA Fido,30M
301-839-0705 MD Oxon Hill    Lee Pollard          9M     ^Deathstar,140M
301-840-0227 MD Gaithersburg Bob Schniebolk  B    4      ^Consulting Tech
301-843-1548 MD Waldorf      Joe Sartori     WV   9M     ^Waldorf Wildcat,63M
301-850-5839 MD Annapolis    Tom Collins     V    4       Overboard,Graphics
301-869-7650 MD Gaithersburg Stan Staten          4      ^W3INK,Amateur Radio
301-881-6588 MD Rockville    John F. Prior   O    4      ^SQL BBS,50M
301-921-9650 MD Gaithersburg Steven Ranger   F    4      ^Loading Dock,130M
301-926-4039 MD Gaithersburg Tom Kress            4      ^Central,102M
301-933-5007 MD Silver Sprng Lowell Denning  B$   4      ^Capital Express
301-948-3224 MD Gaithersburg A. H. Adler     O    4      ^Metro OnLine
301-949-8848 MD Rockville    Rich Schinnell  H    4      ^CPCUG Software Xchg
301-972-1622 MD Germantown   Keith Nagle     T    4      ^PC T.I.E.,100M
301-986-9062 MD Bethesda     J. Sanchez      V    9U     ^Colossus III,424M
302-475-7598 DE Wilmington   Gary Thurlow    B    9U      Genesis,130M
303-241-1419 CO Grd Junction Julie Dillon    B    4       Mother Board,40M
303-241-1966 CO Clifton      Walt Rector     B            Greater Clifton
303-455-3283 CO Denver       Terry L. Travis T$   4      ^Denver Metroplex
303-458-6248 CO Denver       Tom Parker      $    4      ^Control Systems,120M
303-488-2671 CO Colo Springs Bob Staggers    T$   4       Elkridge-West,71M
303-497-6968 CO Boulder      Kent Leonard    F    4      ^Geophysics/Weather
303-650-5636 CO Denver       Chris Day       F    4      ^Day's End
303-666-0824 CO Lafayette    Bob McDuffee    T           ^Grizzly King
303-671-7669 CO Denver       Jay Melnick     T    4      ^Colorado TravelBank
303-674-1859 CO Evergreen    Mark Indictor   F    4      ^Music,Horses
303-740-2223 CO Denver       Bob Voorhees    T    4      ^ADP Audit,SAS,Write
303-789-4610 CO Englewood    Phil Kaiser     FV   4      ^PCjr Net
303-973-9338 CO Denver       Oscar Barlow    T    4      ^Denver Fido #56
303-987-7388 CO Lakewood     Larry Sheideman             ^Computer Crime/Poli
304-344-8088 WV Charleston   Bob Ketcham          4       UserBoard BBS
304-372-2094 WV Charleston   Sam Snead, etc       4       WV Educ Net,65M
304-776-6103 WV Cross Lanes  Greg Martin                  Cross Lanes,50M
305-231-0965 FL Vero Beach   Chris Fisher    OV   4       Softhaus, 32M
305-260-6397 FL Longwood     Clint Labarthe  B    4       Black Hole,Astronom
305-269-5188 FL Titusville   Jerry Russell   T    4       Tech Talk, 80M
305-277-3449 FL Orlando      Hewie Poplock   B$   4       FABulous,145M
305-299-3661 FL Orlando      Vick DeGiorgio  B    4       Philosopher's Stone
305-394-5308 FL Boca Raton   Todd Ferich     N    4       S.A.R.C.A.S.M.,40M
305-395-1267 FL Boca Raton   Ben Scotkin     O            Investors' RBBS
305-522-6646 FL Oakland Park Gary Bouchard   B$   4       Compunut
305-583-7981 FL Plantation   E.Wolf/L.Boxx   B    4       Plantation PCBoard
305-621-7534 FL Miami        Ash & Burch     B    4      ^Miami User Group
305-677-8086 FL Orlando      Larry Snyder    T    9       Orlando AM Radio
305-699-5315 FL Winter Sprgs Doug Jarrett    CV   4       QRC
305-722-1311 FL F.Lauderdale Dave Cohen      $    4       Gateway
305-770-1132 FL Miami        Dave Steinman   G    4       Miami's P.C.,60M
305-771-7599 FL F.Lauderdale Dave Sowers     B    4       Datim,Ltd,80M
305-777-5989 FL Ind.Harb.Bch Louis Cohen     OV   4      *Beach Realty ROS
305-842-1861 FL Palm Beach   Molly Campbell  V            Mensa BBS,Mensa onl
305-875-0457 FL Maitland     Robert Hupf     N            EBS Nochange
305-894-8119 FL Orlando      Mark Fletcher   B$20 4       CompUtilRemMsg,65M
305-935-4964 FL Miami        Michael Shalom  F$   4      ^Miami PC Network
307-577-5118 WY Casper       Chris Holten    O    4       C's Doghouse
307-856-3601 WY Riverton     Mike Lieberman  B    4,N,W
309-342-0637 IL Galesburg    Rick Lawsha          4       Stork BBS
309-342-5302 IL Galesburg    Kent A. Murphy       4       BRANDY/Games
309-438-7370 IL Normal       George Warren        4       ISU BBS,Comp. Sci.
309-762-5273 IL Moline       A. Derbyshire   GV   4      *Derby Connx,70M
312-232-1250 IL Geneva       Ed Curlin       B    4      ^Windmill,72M
312-352-1035 IL Chicago      Loren D. Jones  V    9U     ^RBBS ofChicago,160M
312-588-1003 IL Chicago      Lars Pedersen   B$   9      ^Rick's BB, 60M
312-593-6478 IL Mt. Prospect Memory Turner   BV   4      ^Turner Tech,72M
312-661-1740 IL Chicago      Paul Bernstein  V           ^LawMUG
312-674-1638 IL Lincolnwood  William Knopp   B    9U     ^Bill's,Ham radio
312-728-9722 IL Chicago      Shabbir Damani  B    4      ^786,a.728-4152
312-872-8086 IL Zion         John Hodal      BV   9      ^Lakes Region,95M
312-882-4227 IL Chicago      Gene Plantz     I$   4      ^IBBS,a.882-4228
312-942-0706 IL Chicago      Ron Fox         $    4      ^Chi Comp Soc
312-953-4922 IL Glen Ellyn   John Hines      B    4       SCS,Graphics,30M
312-964-0526 IL Darien       Mike Wido       BV   4      ^Logicians,DP Pro
312-964-1084 IL Downer's Grv Dennis Courtney B    4      ^ServiceMaster
312-972-0628 IL Chicago      Dick Lain       $    4      ^Bolingbrook,Color/M
313-348-8535 MI Northville   Mark/Ryan       OV   4       007 VIP Lounge,40M
313-349-3408 MI Novi         Gil Shultz      OV   4       007's Runway,32M
313-399-6967 MI Hunt'gton Wd Dave Baseman    T    4      ^1st Base,32M
313-473-5370 MI Farmington H Paul Goodspeed  T$   4     *^Metro-Net,120M
313-474-4217 MI Oak Park     Dennis Quinn    B$   4       Automation Resource
313-545-1931 MI Ferndale     Mike Bader      O    4       P-1 Opus I
313-689-3021 MI Troy         Bob Lennox      H    4       Great Lakes
313-774-7258 MI Detroit      Craig Stahl     V    4       Freeform,Legal
313-949-6745 MI Detroit      Dave Marker     V    4       MicroChip
313-994-3946 MI Ann Arbor    Hershey Micro                Home of FansiConsol
314-442-6023 MO Columbia     Charlie Turner  B    4       Charlie's BBS
314-449-9401 MO Columbia     PIL Software    T            Home of ProComm
314-625-4054 MO Lake StLouis Richard Brown   BV   9H      Travel Online,130M
314-961-4594 MO St. Louis    Jerry Queen     B$   4       Epson News Line
315-265-8207 NY Potsdam      Laurel Goolden  HV   4       WFM-BBS
315-336-1613 NY Rome         Robert Miller   BV   4       Alternate Escape
315-393-5592 NY Ogdensburg   Lee Cliff       OV   4       NorthStar Opus,120M
315-423-1208 NY Syracuse     Stuart Williams BV   4       Syracuse Micro Club
315-451-7790 NY Liverpool    Mark Manning    FV   9       Salt City Fido 13/1
315-593-1589 NY Fulton       Jerry Lamphere  F    4       Backstreet
315-668-9216 NY Central Sq.  Scott Aicher    OV   4       Disaster Area,50M
316-365-7631 KS Iola         Robin Boyer     T    4       Nautilus,mult,900M
316-682-1698 KS Wichita      George Winters  $    4       Kansas BBS,DOS,CP/M
316-682-5548 KS Wichita      Bill Nolan      B$   4       Minx
316-684-8744 KS Wichita      Mike Yaklin     B    9       Information Booth
316-721-0581 KS Wichita      M. Stapenbeck   F    4       Night Flight
316-788-3630 KS Wichita      Bennett Griffin C    4       Aztec,156M
317-251-2385 IN Indianapolis James Bright    OV   4       Indy Net Two
317-299-6334 IN Indianapolis Don Morrison    B$   4       Night Bird,200M
317-351-7947 IN Indianapolis Rex Hankins     BV   4       IBM Connx
317-452-1535 IN Kokomo       Tony Capoccia        9U      Bible Board
317-457-9100 IN Kokomo       Mike Hebert          9       Indiana Board
317-462-1461 IN Indianapolis Gary Davis      O    4       Realty Connx
317-653-7153 IN Greencastle  Shipman,etc.    B            Putnam CCC,60M
317-782-3220 IN Indianapolis Chuck Obeym     T$   4       Byteline,600M
317-843-2855 IN Indianapolis Shawn Steiner   B    4       Indianapolis BusBrd
317-845-6391 IN Indianapolis Paul McLear     V    4       Indy Net One,60M
317-862-5966 IN Indianapolis Tony Moleta     B    4       Indy PC Users Bd
317-875-8487 IN Indianapolis Mike Allen Jr.  BV   9       Indy Connection
317-882-9330 IN Indianapolis Brian Murrey    BV          *SouthSide Comp.,30M
317-888-3929 IN Greenwood    Bob Westwater   B    4       Greenwood Conn.
318-436-2992 LA Lake Charles Duffey Trinity  WV   4       Duffey's Tavern,64M
318-528-2107 LA Sulphur      M. D. Hunter         4       Forum,32M
319-233-6157 IA Cedar Falls  John Friel III  BV   9       Forbin Project,Qmdm
319-236-0834 IA Waterloo     Curtis Kyhl     B    4       Stock Exchange
319-351-6533 IA Iowa City    Al Hoffman      O    4       Darkness
319-363-3314 IA Cedar Rapids Ben Blackstock  B$   4       Hawkeye BBS
401-353-5034 RI Providence   Mike Labbe           4       Eagles Nest
401-739-1084 RI N.Providence Jim Stravato    B            RIPCUG Bd.
402-341-4853 NE Omaha        C. & E. Wright  B    4       Tanstaafl Graphics
402-558-4745 NE Omaha        Rivaldo Rustam  O    9U      Intrada,IndonesiaMl
403-454-6935 AB Edmonton     Dave McLeod     $    4       NAPCUG,120M
403-791-5735 AB Ft. McMurray Lance White     O            Mainstream,67M
404-294-0237 GA Atlanta      Lee Nelson      $35  4      ^PC-Forum
404-320-6202 GA Atlanta      Bill Tullis     B$   4     *^AV-Sync,400M
404-351-9757 GA Atlanta      Floyd Garrett   T$          ^Atlanta Medical For
404-377-1141 GA Decatur      Ron Bonds                   ^Illumi-net
404-381-1947 GA Lilburn      Mike Sabot      B    9      ^AESC,100M
404-394-1756 GA Atlanta      Jimmy Lehmkuhl  B$   4      ^T.J.'s,60M
404-424-6258 GA Marietta     Scott Earley    BV   4      ^Adam IBM Conn.
404-433-0062 GA Atlanta      Bob Nye         B    4      ^Atlanta PCUG
404-435-7644 GA Atlanta      Louis Kahn      C$   4      ^Artif. Intel.
404-435-8122 GA East Point   Mark Gill       BV          ^Westfield
404-446-6650 GA Norcross     Marshall Magee  BV   4      ^Big Peach,Automenu
404-457-6815 GA Atlanta      Joe White       BV   9       GaBBS,a.451-4264
404-476-2607 GA Atlanta area Roger Sligar    B    9      ^The Right Place/74
404-546-0583 GA Athens       Kevin Knight         4       Athens PCUG
404-548-0726 GA Athens       Charles Harper  W    4       Online
404-548-9628 GA Athens       Jim Alexander   V    4       PC-Help,44M
404-549-8378 GA Athens       Ricky Lacy      B    4       Data Dimension,50M
404-569-9651 GA Columbus     Ed Willoughby   B    4       PC Valley,50M
404-641-8270 GA Atlanta      Jim Kloss       N    4      ^Home of NoChange BB
404-762-0923 GA East Point   Jerry Frost     B    4      ^PC Plus,Airline
404-921-8108 GA Lilburn      James Kerr      B$   4      ^PC-Link Comm
404-934-4515 GA Atlanta      Frank Huggins   B$   4      ^Flagship,934-4517
404-944-0826 GA Austell      Dave Howard     V    9      ^Austell RBBS
404-977-6686 GA Atlanta      Mike Simmons    B    4      ^PC Exchange,Turbo
404-993-5310 GA Marietta     Dick Calliendo  B    4      ^Invisible Bd
404-998-8048 GA Roswell      MicroStuf       B    4      ^Home of CrossTalk
405-528-3175 OK Okla City    Ted Freeman     BV   4       MicroNet
405-737-7565 OK Midwest City Jim Oxford      BV   4       Torii Sta,733-7083
405-772-1657 OK Weatherford  Jim Edwards          4       Sooner Transfer,40M
406-259-4358 MT Billings     Dewey Reiland   B            Depletion Region
406-442-7713 MT Helena       Bob Romney      F    4       DOS Util Exch Sys
406-586-1229 MT Bozeman      Andrew Nobbs    V     N,W    Bozeman CLand
406-652-6881 MT Billings     Ron Kline             N,W    Hal the Trader
408-268-9453 CA San Jose     Dave Hunter     OV   4      ^Eclectic,C/G,Music
408-371-7654 CA Campbell     Brown Bag Softw B    9      ^Brown Bag
408-394-6234 CA Monterey     R Lagerstrom    B    4       Westlog
408-429-6644 CA Santa Cruz   Ain McKendrick  N            Stronghold
408-659-3078 CA Carmel       Marco Treganza  F            Exchange
408-723-7238 CA Bay Area     Jim Acker       W    4      ^Bay Area BBS, 60M
408-735-7190 CA Sunnyvale    Dave Hewes      OV          ^PD Software Xchg
408-988-3832 CA Santa Clara  John McAfee     T    4      ^The Guild,160M
409-774-7227 TX C. Station   Cris Cox        F    4       PC Connect
409-948-2732 TX Texas City   Cal Jennings    N    4       Cal-Trek
412-225-8682 PA Washington   Mike Keelon     B    4       Wash Penna PCBoard
412-257-2375 PA Pittsburgh   Jim Lynn        F    4       Pitt-Bull,a.563-377
412-285-9911 PA Butler       Jeff Long            4       Scorpion,30M
412-349-0557 PA Indiana      Jon Marshall    F    4       Zaphod's
412-367-2505 PA Pittsburgh   Steve Mills     B$20 4       WestPenn
412-373-3882 PA Monroeville  Jason Galanter  O    4       Software, Etc.
412-391-1970 PA Pittsburgh   D. Merz         CV   4       BCWP Online
412-463-1347 PA Pittsburgh   Bruce Mittleman O    4       Caveman
412-547-7926 PA Mt. Pleasant Tom McCabe      B    4       Fayette Area PCB
412-571-0472 PA Pittsburgh   G. Stanislav    O    4       Astral Board
412-733-3010 PA Monroeville  Chris Gaal      O    4       SmorgasBoard
412-826-0822 PA Pittsburgh   Bob Rakov       F    4       Second Op
413-357-8809 MA Granville    Scott Maentz    H    4       New England BBS
413-567-1822 MA Longmeadow   Tracy Carman    B$35 9U     *Top Cat,160M
413-568-7669 MA Springfield  Eric Willcox         4       RBBS of Westfield
413-583-6167 MA Ludlow       John Minerich   BV   4       Valley, Tradenet
413-739-3226 MA W Springfld  Jeffrey Heath   O    4       PC-Gram
414-242-8000 WI Mequon       Bill Ganley     O$   4      ^CHANL-3,42M
414-725-7598 WI Nennah       Bruce Lasner    FV   4       Homebuilt Flyer
414-964-5160 WI Shorewood    Bob Mahoney     $I   9      ^EXEC-PC,248M,10 lin
415-284-9151 CA Martinez     Fowler Brown    B    4       Com One, 60M
415-327-6197 CA Palo Alto    James Arnold         4       Program/Land
415-337-8693 CA S.Francisco  Andrew Conway   O            Vaudeville,Circus
415-339-8457 CA Oakland      Ann Meyer            4       Food,Wine,Dining ou
415-341-2962 CA San Mateo    Martin Fitch         4       27M,Computers for C
415-349-6576 CA Foster City  Tom Swegles     BV   4       Charisma,dB3,FW,Pdo
415-387-3251 CA S. Francisco Ford/Mollerus                Catholic Infonet
415-398-6181 CA S. Francisco John Huryk      B$   9U      Sports Connx
415-426-0470 CA Pleasanton   Bill McCauley   T    4       Records Dept BBS
415-471-3776 CA Union City   Rob Mages       N    4       Express Stop,140M
415-481-0252 CA San Lorenzo  Terry Taylor    B    4       No name BBS
415-483-1768 CA San Leandro  Neil Roehm      B    4       Echelon BBS
415-487-0310 CA Hayward      Russ Fleming         4       Compuchem,Science
415-547-3070 CA Piedmont     Barry Patton    T    4       MegaCom BBS,#414
415-562-5483 CA Oakland      Richard Yim     T    4       Family Radio Forum
415-571-6160 CA San Mateo    Wes Dorman           4       Video,Audio,Photo,C
415-571-6911 CA San Mateo    D.Jones/D.Hewes OV           PDSE
415-581-3019 CA Hayward      Dave Gentry     TV   4       GADM,110M
415-584-0697 CA S.Francisco  B. Mavrogeorge  F            Roots, Genealogy
415-598-9100 CA S. Francisco Chris Barr      O    4      ^PC Mag IRS,16Lines
415-621-6520 CA S.Francisco  Harry Logan     X$   4       PC Shop-Talk
415-651-4147 CA S.Francisco  Anton Johnson   TV   4     ^^Aardwolf Express
415-655-2689 CA Oakland      Andrew Wang     B    4     ^ Pixel Penguin,80M
415-659-9169 CA Fremont      Jim Thomas      F          ^^10/425
415-689-2090 CA Concord      Jon Martin           4       Home of RBBS-PC Wes
415-791-0674 CA Fremont      John Rohner                  East Bay Technical
415-792-3210 CA Fremont      Rich Holcomb    B    4       Midnight Express
415-793-3037 CA Fremont      Joe Halbleib         9U      Centreville,Turbo
415-794-9624 CA Fremont      Bernie Belew    B    4       SDA
415-828-3607 CA Dublin       Sean Ackley     B    4       TriValley CUG,40M
415-829-6062 CA Dublin       Young/Gardner   O    4       ATT-PAC,60M
415-895-5985 CA San Leandro  Mike Hildum     B    4       Micro Oasis,60M
415-927-1216 CA San Rafael   Don Watkins     BV   4       Marin Sonoma PCUG
415-943-6238 CA Walnut Creek H. Shaw         T$   4       DVPCUG
415-956-2738 CA S.Francisco  Bob Herrick          4       RIMS, Insurance,Ris
415-964-9039 CA Mtn. View    Jay Fox         BV   4     ^^SPACE,120M
415-994-2944 CA Daly City    Vern Buerg      O    4      ^VOR RBBS
416-231-0538 ON Toronto      Doug Peel       H            PC-Canada,751-6337
416-366-2069 ON Toronto      Bob Saint       BV           CFTR/CPG
417-869-5294 MO Springfield  James Morris    TV   4       Computer Matrix
419-372-9928 OH Bowling Grn  Michael Bitler  F     N,W    BCSU PCUG
419-385-8688 OH Toledo       Ken Shomody     N    4       Toledo NoChange
419-448-1421 OH Tiffin       Don Smith            9       Northwest Ohio
419-473-8651 OH Toledo       Eric Horn       B$   4       NOI&SE,60M
419-524-6418 OH Mansfield    Warren Walker        4       Kork Board/96 meg
419-753-2886 OH NewKnoxville Jeff Hatfield   V    4       The Way
419-756-4958 OH Mansfield    Tom Rothe       V            Mid Ohio,66M,Goodie
501-374-3533 AR Little Rock  CharlieCaldwell OV   4      *L.Rock Info Xc,120M
501-636-2281 AR Rogers       Jerry Hunter    $20  4       DMC Online,104M
502-241-4109 KY Louisville   Curt Edwards    V    4       SoftStone,CP/M,40M
502-521-7011 KY Robards      Marvin Eyre                 *Znode 37,35M
502-695-1166 KY Frankfort    Wayne Hollis    B    4       Bluegrass Serial Pt
503-281-3549 OR Portland     Rayland Barrett O           ^Money Cruncher,dB
503-621-3746 OR Portland     Chuck Forsberg  O           ^Pro-YAM,Home DSZ
503-622-4759 OR Portland     Troy Meyers     N    4
503-646-4312 OR Beaverton    Bill Merwin     OV   4     *^Huggy's Den,64M
504-866-6666 LA New Orleans  Pete Smothers   V    4       NOPC-RBBS,60M
504-947-8253 LA New Orleans  Ron Alexander   B    4       PortO'Call,947-8216
505-296-7672 NM Albq.        John Maio            4       ALBQ,21M,Util/Lang/
509-335-0982 WA Pullman      Jeff Batdorf                 Wash State U
509-529-7229 WA Walla Walla  Mike Davidson   F    4,23-8  InterMtn Softwks
512-244-1598 TX Austin       Mike Stafford        4       Deep Thought
512-255-1030 TX Austin       Daniel Thompson O    4       Star's End
512-258-8468 TX Austin       Colby Jordan    V    4       Stillwater,40M
512-263-9835 TX Austin       Tom Scallorn    G    4       BuyABoat,40M
512-339-6531 TX Austin       Coke Dilworth   $            The Hub IBM UG
512-339-7199 TX Austin       Gene Chesser    O    4       CTSA Unlimited
512-346-6519 TX Austin       Lloyd Blauen    F$10 4       Fun World
512-454-9821 TX Austin       John Hargrove                Diabetes Discussion
512-462-0207 TX Austin       Daniel Aiken    V    4       Den of Iniquity
512-465-4690 TX Austin       Warren Watford       4       Tex-a-Caid
512-491-9034 TX San Antonio  Forest Newman   B    4      *Diversions,Diabetes
512-494-5478 TX San Antonio  Ken Givens           4       Chess Board,30M
512-694-4601 TX San Antonio  Ken Carr        B$   4       Super System
512-696-1270 TX San Antonio  Mike Warden     G    4       CopmuterAspects,net
512-822-8882 TX San Antonio  B. Mukherjee    BV   4      *Telstar,a.829-4533
512-837-0953 TX Austin       Jim Westbrook        4       JimNet
512-993-4197 TX Corp Christi Mike Malter                  Lighthouse,Astrolog
513-274-0821 OH Dayton       John Cooper     BV   4       The Annex,40M
513-293-5448 OH Dayton       John Lockwood          N,W   LateNite,50M
513-385-8512 OH Cincinnati   J. Armontrout   F    4       Jesse's Board
513-398-0928 OH Mason        Decker Doggett  O    4       Train Board,40 meg
513-434-6101 OH Dayton       James McKee     OV   4      *10-60M,NCR,CP/M,DOS
513-687-3600 OH Dayton       John Wampler    $    4       Heavensoft,Turbo
514-843-6305 CN Montreal     Mike Angrove
514-844-1567 CN Montreal     James Ludwick   B    4       Le Systeme OnLine
515-223-0328 IA W Des Moines Glen Schaefer   W$   4       PC BBoard,PCUG
515-276-8688 IA Des Moines   Sandy Cook      V            Omni Keyboard
515-683-5193 IA Ottumwa      Bill Bagley          4       Indian Hills CC
516-349-7835 NY Plainview    Ron Chibnik     O            Wise Byte
516-364-4450 NY Woodbury     Paul Blaccard        4       Substation
516-473-5438 NY Coram        Eric Green      BV   9       Elco Boards
516-482-0338 NY Great Neck   Ed Barnola      BV           Editing Room,Video
516-483-3975 NY Garden City  Jeff Matthews   BV   4       Unicorn BBS,110M
516-486-3196 NY ??           Tony Ellis           4       Metrocom
516-486-4705 NY S Hempstead  David Johnson   V    4       The Unknown/AT&T/Te
516-536-8723 NY Oceanside    Paul Waldinger  B    4       Sound of Music
516-546-8025 NY Baldwin      Alan Linker     V    4       South of the Bauder
516-689-6839 NY Strongs Neck Jerry Graber    BV   9U      Dr. Jerry,160M
516-724-0971 NY St. James    Frank LaRosa    O            Searchlight
516-753-0854 NY New York     Rich Phillipson N    4       Inner Logic
516-796-3285 NY Bethpage     Alfred N.Stone       4       Family Ledgers
516-829-4251 NY Great Neck   Lloyd Kreiger        4       Great Neck RBBS
516-921-8312 NY Woodbury     Paul Cangialosi V            Substation,Car prts
516-938-6722 NY Hicksville   Jim Toro        O$   4       PDSLO,200M
517-337-0261 MI Lansing      Warren Wolfe    V    4       Data Basics
517-655-1277 MI Williamston  John Moon       B    9M      Harvard BBS,160M
517-627-8015 MI Grand Ledge  Bob Peel        O    4       Rymalee's Refuge
517-782-5342 MI Jackson      Greg Baumann    O            Michigan MedSig
517-793-1014 MI Saginaw      Paul Benkert         4       Charlie,74M
518-346-8033 NY Schenectady  Bill Davidsen   OV   4       IX BBS,Unix,C,DOS
518-442-5738 NY Albany       Tom Kinney      V    4       Rockflr Coll,Govt,E
518-562-2222 NY Plattsburgh  Donald Jewell   V    4       Charlie East
519-837-2469 CN London       Rob Smith             N,W    EMJ OnLine
601 638-3390 MS Vicksburg    Leonard Lee          4       VoiceQuest,game
601-264-2361 MS Hattiesburg  Bob Law         TV   4       The Southern Bullet
601-636-7929 MS Vicksburg    Davie Whitehead V    4       lst Miss.RBBS
601-895-7693 MS Olive Br     John Mahaffey   B    4       Eagles Nest So.
601-992-4111 MS Jackson      Bo Trotter      V            Bo's Houseboat
602-577-2489 AZ Tucson       James Cassady        4       Thing of Beauty,40M
602-864-6819 AZ Phoenix      M. Drux         OV          ^Pyroto Mtn
602-886-7943 AZ Tucson       Gene Lowry      V    9U      Bigfoot's BBS
602-897-6459 AZ Tempe        Bryan Wilson         4      ^Measurement RBBS
602-897-7847 AZ Tempe        C. Hutchinson   V    4      ^Speeders,Racing
602-899-3406 AZ Chandler     David Turner    BV         *^David & Goliath
602-899-4876 AZ Chandler     David Cantere   BV   4      ^Technoids Anonymous
602-965-5670 AZ Tempe        Acad Comp Serv  BV   4      ^ASU ACS BBS
603-357-2090 NH Keene        C. VonSchilling F
603-424-5497 NH Merrimack    Bob Westcott         9       Stateline,40M
603-644-5556 NH Manchester   SoftLogic Folks       N,W    DoubleDos,Optimizer
603-882-2099 NH Nashua       Pat Vallier     V    4       Ballpark, sports
603-888-8179 NH Nashua       Bob Hartman     F    9U      Unix Gateway
603-924-9337 NH Peterborough J.Wolfskill     T    4       PC Resource Clone
605-256-5195 SD Madison      Bob Blom                     Dakota State Board
606-272-0499 KY Lexington    Ron Nutter      $            Bluegrass PCUG,60M
606-293-5119 KY Lexington    Cordray&Baughn  $    4       Mailroom
606-432-0879 KY Pikeville    Gary Metcalf    B    9F      Strawberry Patch
606-744-2431 KY Winchester   Wayne Ware      B    4       Night Court
606-781-4478 KY Southgate    Ron Otto, Jr.   B$   9U     *Ruppel-Set ][,Publ
606-886-9494 KY Prestonsburg David Allen     H    4       Security Connx
607-754-3420 NY Oswego       Osw.FreeAcad    B            OFA-PC
608-256-8088 WI Madison      Gary London          4       Madison PCUG
608-271-3685 WI Madison      Chuck Cooper    B    9       Cooperworks
608-836-9473 WI MIddleton    Maurice Thaler  O    9U      PowerBoard,a.767-2585
609-232-0773 NJ Blackwood    Willi Kusche    OV   4       KMMM Pascal
609-232-1245 NJ Turnersv'le  Phil Gordemer   BV   4       Compu-Data,3Nodes
609-266-6666 NJ Atlantic Cty Dan McGahn      OV   4       Number of the Beast
609-358-3965 NJ Elmer        Joe Martino     GV           Tri-State Info
609-399-5551 NJ Atlantic Cty Dave Schubert   BV   9       Casino,67M
609-435-7598 NJ Lindenwold   Rich Heimlich   B$   9U      Sports Connx,146M
609-451-9005 NJ Bridgeton    Bud Parvin      TV   4       World of Mirth,65M
609-582-6962 NJ Sewell       Richard Titus        9U      The School Board/Ed
609-653-8202 NJ AtlanticCity Joe Elton       B    4       Clones R Us
609-678-8723 NJ Pennsville   Lew Sharp       B    4       Pennsville Connx
609-692-5843 NJ Vineland     Bert Sussman    B    4       Tri-State III,117M
609-692-9366 NJ Vineland     Bill Sampson Sr B    4       Alpha Omega,146M
609-734-2158 NJ Princeton    D. Zarodnansky  V    4       Phoenix Board
609-784-1896 NJ Gibbsboro    George Haz      $    4       Think-Tank,Tandy 10
609-784-5208 NJ Magnolia     Robert Johnson  BV   4       Microtronics,2Nodes
609-784-9404 NJ Voorhees     Brian Hare           9U      Computer Connx.
609-799-5418 NJ Plainsboro   Bart Carfizzi   V    4       Road to Utopia,66M
609-983-9643 NJ Circle       Lee Sarama      D    4       Marlton,104M
612-435-2554 MN Burnsville   Nick Stuhrk     DV   4      ^PC-Lib,68M,3 nodes
612-623-0152 MN Minneapolis  Howard Ekman    $    4,N,W  ^Terrapin Station
612-681-9520 MN Minneapolis  Chuck Cole      $           ^Star-Net,Hi-Tech,As
613-236-1730 CN Ottawa       Chris Mallam    BV   4       Oasis,44M
613-990-5847 CN Ottawa       Charles Mawby   B    4       DRIE,40M
614-237-0285 OH Columbus     Tom Rile        BV   9U      Portal,110M
614-387-3946 OH Marion       Jerry Gibson    F    4       Marion Community
614-476-4967 OH Gahanna      Jim Vaughan     V    4       Any Port in a Storm
614-488-3991 OH Columbus     MIke Koehler         4       Utilities Xchg,40M
614-593-4859 OH Athens       OU Sch Telecom               Hermes,B'cast ed.
614-764-6744 OH Columbus     Mike Shivley    N    4       #12
614-855-1024 OH New Albany   Tom Martin      O    4       Electric Chronicle
614-885-9829 OH Columbus     Craig Wright    FV   4       Columbus C.Soc.
615-242-7909 TN Nashville    Dennis Wynne    B    4       Troll's Cave,136M
615-333-9433 TN Nashville    Bruce Fuqua     F    4       Bits and Bytes
615-360-2190 TN Nashville    Roger Dahlman   O    4       MicroAge BBS,70M
615-366-5092 TN Nashville    Mike Black      OV   4       1000 Connx,Tandy
615-377-9122 TN Brentwood    Mike Alexandre  B    4       Computer Partners
615-386-1472 TN Nashville    Paul Clawser    F    4       Nashville Tech Fido
615-386-9186 TN Nashville    John Reed       TV   9H      Digital,62M
615-526-3347 TN Cookeville   Del Robinson    C    4       The Cumberland BBS
615-574-5529 TN Oak Ridge    Les  Redford    B    4       MMES I&C PCUG
615-687-6661 TN Knoxville    Ed Cole         B$   4       Premier
615-694-6718 TN Knoxville    Len Bailey      V    9U      RSCC,60M
615-821-5258 TN Chattanooga  David DuPre'    B    4       JBLT,100M,OS/2 Conf
615-833-0107 TN Nashville    Harold Brown    O    4,N,W   Computer Horiz,70M
615-870-5155 TN Chattanooga  Harry Haronian       4       40M, Chat. Choo Cho
615-970-2966 TN Knoxville    Clay Wynn       $    4       East Tenn PCUG
615-970-7418 TN Knoxville    Rickie Belitz   B    4       Data-Comp Info Sys
616-361-9214 MI Grand Rapids Scot Andre'     OV   4       DarkSide,60M
616-538-3947 MI Grand Rapids Ken Hirst       O    4       Outer Limits,jr.
616-865-3474 MI Fruitport    Burt Adsit      O            Lappo Lumber
616-962-0400 MI Battle Creek Harmon Ruble    T    4
617-229-2915 MA Burlington   R. Francescone               Alpha Software Corp
617-258-7784 MA Cambridge    Steve Wolf      B     N,W   ^Live Wire
617-332-5584 MA Boston       D. Chamberlain  F    4      ^Boston Computer Soc
617-354-2171 MA Cambridge    David Patterson B    4,2-20 ^Viking Magic,90M
617-354-8873 MA Cambridge    Brian Miller    B    9M     ^Channel One,400M,5Nd
617-441-2202 MA Lowell       Fred Holmes     B$   4       Allegro
617-498-4551 MA Cambridge    John Moon       BV   9M     ^Harvard BBS,160M
617-536-1917 MA Needham      PC Week         F    4      ^PC Week hints,Xchg
617-545-9131 MA Scituate     Gerry Power     B    4       Turbo Source Search
617-587-1886 MA Brockton     Bill Ruby                    Shoe City BBS
617-682-5279 MA Methuen      Paul Gosselin   O    4       ElectricDreams,400M
617-720-3600 MA Boston       Napier&Moran    BV   9      ^Future Tech Xchg
617-769-9358 MA Boston area  Jim Fitzgerald               Microcom's/MNP prot
617-786-9788 MA Boston Area  Robert Gorrill  O    4      ^BCS Telecom
617-828-8150 MA Canton       Mac Rosenbaum   F    4       Leading Edge UG,10M
618-233-2315 IL Belleville   Tom Morgan      B    4       The Phoenix
618-288-6280 IL Edwardsville David Brown     V    4       The Asylum
619-256-3545 CA Barstow      Lyle Skjerve    O    9       Barstow RCPM,56M
619-279-3921 CA San Diego    Steve Wilmet         9U     *NightOwl,Ham,96M
619-283-1538 CA San Diego    Steve Harrison  $    4       RBBS-PC Beta Site
619-375-2306 CA Ridgecrest   Dick Stout      B    9M      Computing Tech,70M
619-375-9639 CA Ridgecrest   Bob Huntley     B$   4       YGBSM RBBS
619-438-5256 CA La Costa     James Haden     OV   4       AT,30M,DOS,Unix
619-442-3595 CA San Diego    Bob Bailey      BV   4       Checkpoint
619-444-9635 CA El Cajon     Richard Payne   V$5          El Cajon RBBS
619-450-2179 CA San Diego    Dail Fail       B    4       Softw Prod Int
619-471-0684 CA San Marcos   Robert Douglas  F    4       EDI Hotline
619-481-8571 CA Del Mar      Mike McCafferty V            Remote Control BBS
619-561-2999 CA Lakeside     David Gray      BV   4       Flare Path,30M
619-561-7817 CA El Cajon     Jim Brown       V    4       45M
619-692-1961 CA San Diego    Don Saba        O    4       Sabaline,DOS,CPM,Ap
701-258-7502 ND Bismarck     John Roswick    V            RBBS Bismarck,60M
701-293-3934 ND Fargo        Andrew Hoag          4       Satellite,30M
701-293-5973 ND Fargo        Jim Grettum     V    4       RBBS of Fargo,100M
702-356-1048 NV Sparks       Monday/Carmona  V    4       Prof'l Connx,140M
702-673-3387 NV Reno         John Morris          9       Reno Rbbs,98M
702-746-2143 NV Reno         Jeff Grant      N    4       MegaSystem,280M
703-237-4322 VA McLean       Bob Jueneman                ^Cryptography
703-237-8430 VA Arlington    Roger Stanley   BV   4      ^Tax Assistance,40M
703-243-0820 VA Arlington    B. Del Vecchio  B    4,N    ^Kwibble,Novell
703-256-4777 VA Arlington    Blaine Korcel   V           ^Astro-Tech
703-321-8070 VA Springfield  Arnold Smokler  V    4      ^Micro-C (V or $)
703-323-6423 VA Burke        Gregg Snyder         4      ^DGS Systems
703-325-0748 VA Alexandria   John Sawyer     B    4      ^JAGNET,Navy Legal
703-342-7216 VA Roanoke      Robert Sink     B$   4       16 Bit Exchange
703-370-9832 VA Alexandria   Ken Flower      B    4      ^Data Bits,115M
703-425-4506 VA Springfield  Tony Young           4      ^Dynamic Duo,40M
703-425-8762 VA Burke        Frank Berry     BV   4      ^Crossroads,20M
703-430-2535 VA Herndon      Bill Hardin                 ^TechMail,Engrs,Pgmr
703-435-0836 VA Sterling     Jim Rhodes      BV   4      ^Sterling Exch.,2Node
703-435-5949 VA Herndon      Tony Cooper     B    4      ^Argen
703-442-8695 VA McLean       Jerry Shifrin   B    4      ^East Coast Forth Br
703-471-8010 VA Herndon      Raymond Moreau  T    9F     ^Herndon Byte Xchg
703-478-2146 VA Fairfax      Barry Lynch     O    4      ^C BBS
703-524-3982 VA Rosslyn      Gary Gunnerson  B    4      ^Gannett Help Screen
703-525-4066 VA Arlington    Glenn Truitt    B$   4     *^Questor Proj,120M
703-552-0987 VA Blacksburg   Joseph Albanese O    4       Blacksburg Info Svc
703-552-9433 VA Blacksburg   B. Braunschweig OV           Orb,NovaBoard
703-620-3862 VA Herndon      Don Beilfuss    B    4      ^Astrix,80M,-3869
703-631-3247 VA Clifton      Michael Younts       4      ^PC Retreat,40M
703-631 8772 VA Chantilly    Phil Simerly         4      ^Bull Board,40M
703-640-2374 VA Quantico     MSgt Amerine    B    4       MCCDPA,140M
703-644-9662 VA Springfield  Gary Kohan      B    4      ^CableComm,40M
703-648-1841 VA Reston       Tony McClenny   B    9U     ^Virginia Connx,330M
703-667-7006 VA Winchester   Ron Carper      OV   4       Ron's Room,Genesis
703-670-2963 VA Woodbridge   L. W. Jones     B    9       Potomac River,ACAD
703-689-3561 VA Reston       Cummings                    ^PCP Network
703-698-8230 VA Northern     Sam Hargadine   F    4      ^Arquimedes,Apple,IB
703-791-6198 VA Manassas     Dick Miller     V    4       DOS Spitzen Sparken
703-827-5762 VA McLean       Jeffrey Morley  B    9,N    ^Interconnect
703-941-2386 VA Alexandria   John MacEavoy   T    4      ^Teleware
703-953-2443 VA Blacksburg   Andrew Roy      B    4       Home of MBT,120M
703-971-4491 VA Springfield  Tanya Metaksa        4      ^Bullet'n Board,Guns
703-978-6360 VA Fairfax      Ken Goosens          9+     ^Your Place,SoftwXchg
704-563-9234 NC Charlotte    Richard Cook         4       Shadowland II,30M
705-777-3377 CN S. Ste Marie Jamie Power     FV   4       Digital Response
705-942-8370 CN S. Ste Marie Mario Dulisse   OV   4       DogStar
707-257-2338 CA Napa         Dick Wolff           4       Grapevine, NVPCUG
707-274-8581 CA Lakeport     Randy Sun            9       Sigma Industries
707-444-9203 CA Eureka       Bob Sullivan    OV           PDSE Home BBS,100M
707-447-8393 CA Benicia      Jeff Brown                   West Coast Arch,75M
707-725-9612 CA Fortuna      Ryan Katri      C    4       M.I.T. Collie,dSCAR
712-246-2115 IA Shenadoah    Carl Gluck      F    4       Family Radio Forum
713-270-7408 TX Houston      Robert Ricketts B    4      ^PC Consultant,80M
713-295-3564 TX Houston      Robert Laird    G           ^Novell users only
713-326-2999 TX Houston?     Jack Calvin                 ^Yellow Rose,30M
713-421-3994 TX Baytown      Bob Carpenter   G    4       Plain & Simple
713-422-3146 TX Baytown      Ray Cramer      BV   4      ^Doghouse RBBS
713-482-5526 TX Houston Area Richard Rhoden       4      ^Seabrook BBS
713-497-2369 TX Houston      Larry Fox       B    4     *^Fox Micro Cons,70M
713-520-1569 TX  Houston     Reginald Hirsch BV   9H     ^Ye Olde Bailey,64M
713-664-0222 TX Houston      Dana Wood       O    4      ^The Last Stop
713-664-7679 TX Houston      Chris Smith     G    4      ^Private Sector,60M
713-782-5454 TX Houston      Ed Hopper       BV   4      ^Ed Hopper's,80M
713-933-7353 TX Houston      Bruce Zachary   NV   9      ^Zachary Net
713-955-7564 TX Houston Area Walter Holmes   V           ^PC Eve, Radio
713-996-9452 TX Friendswood  Stephen Somers  BV   9+     ^TX Goldmine,4Node
714-359-3290 CA Orange Co.   Earl Beachler   B    4       Word of Life
714-369-9766 CA San Ber'dino Norm Patriquin  BV   4       Patriquin's BBS
714-493-3819 CA Lag. Niguel  Kenny Gardner   O    4       Crow's Nest,-9851
714-524-0265 CA Yorba Linda  Frank McNeil    B            C.T.S.
714-553-9084 CA Irvine       Ken Ingram      B    4,N,W   Irvine Board
714-643-3066 CA Laguna Hills Mark Stein      BV   9       Laguna Hills,65M
714-674-4745 CA Lke Elsinore Bob Hausladen   BV           Lake Country BBS
714-689-5084 CA Riverside    Steve Hastings  O    4       Electrons under Ctr
714-778-0948 CA Anaheim      D. Kleinschmidt      4       Circuit Board
714-821-5014 CA Buena Park   Ken Hedgecock   O    4       Buena Park BBS
714-822-2999 CA Fontana      Steve Harms     B    4       FountainHead
714-828-0288 CA Cypress      S. Zelkovitz    O    4       XBBS 1,Unix,Xenix
714-830-0745 CA MissionViejo Andy Lee        B            Allied Software
714-837-1256 CA Mission Vjo  Bob Naken       B    4       South County SoftXc
714-858-8111 CA Orange Co.   Stephen Cohen   O$   9F      French Connx,10lines
714-861-1549 CA Diamond Bar  Jim Holloway    B    9U      Diamond Bar BBS
714-864-1907 CA Highland     D. Goldsworthy  T$   4       Palace Hotel
714-963-7864 CA Huntington B Dave Staehlin   BV   4       SSE Surf Brd,180M
714-982-2200 CA Upland       Don Sanders     B    4       Natl Council RealEs
715-362-3895 WI Rhinelander  Ryugen Fisher   F    4       Old Frog Fido
716-385-9669 NY Rochester    Doug Evans      V    4      *Gorgar's Castle,80M
716-896-7581 NY Buffalo      Richard Zander  OV   4       Taxacom,Botany
717-226-1943 PA Hawley       Randy Gullick   B    4       Software Safari
717-253-4354 PA Honesdale    Sherwood Tucker TV   4       Freedom,60M
717-394-1357 PA Lancaster    Jerry Shenk     D$           LABB,610M
717-561-8150 PA Harrisburg   Eric Givler     V    4       Megaboard ][,60M
717-938-5568 PA York Haven   Craig Beible                 Privateer ]I[
717-948-0212 PA Middletown   Gary Rux        O    4       Middletown
718-217-0898 NY Bayside      Jeff Goldrich   BV   4      ^PharmStat,Pharmacy
718-238-7855 NY Brooklyn     Jesse Levine    O    4      ^Atlantic Palisades
718-457-1752 NY E. Elmhurst  P. Kronenberg   B    4      ^Friends! Too
718-539-3338 NY New York     Hank Kee        V    4      ^NY Amat.ComClub
718-604-1930 NY Brooklyn     Jacqu. Duvosier      4      ^Blaise Pascal BBS
718-692-2498 NY Brooklyn     Don Barba       B    4      ^MoonDog's,100M
718-693-6122 NY Brooklyn     Robert Phillips      4      ^Vitasoft
718-720-7673 NY Staten Isl   Robert Ready    BV   4      ^Nova Labs,55M,Tandy
718-743-2434 NY Brooklyn     Larry Alex      O    4     *^EntrePlex 4 Entrep.
801-225-2823 UT Orem         Mark Hardman    B    9U      After 5:00!,-2834
801-254-0344 UT Riverton     T.Christoffersn B    4      ^Info Quest Adv'tage
801-261-8974 UT Salt Lake    Fred Clark      B$   4      ^Salt Air/Home of PCB
801-321-5030 UT Salt Lake    S. Berlin       B    4      ^LDS Hospital
801-377-6155 UT Provo        Mark Hardman    B    4       After 5:00!,a.-6159
801-534-8047 UT Salt Lake    Leo Huber       OV   4       50M,TPas
801-752-2757 UT Logan        Tony Loosle     OV   4       Logan Logon
801-756-6165 UT Alpine       R. Bernsten     BV   9       Rampage,a.756-5204
802-527-1683 VT St. Albans   Howard Lenmah   O    4       St. Albans
802-748-8449 VT St Johnsbury Brian  McQuade  OV           Hilltopper PICS-PC
802-862-2186 VT Burlington   A.Mckeen/J.King T    4       Software Lrng Ctr
802-865-3614 VT Burlington   Daniel Ray      O    4       Northern Lights
803-393-7399 SC Florence     Edwin Reyer     OV   4       Pee Dee Xchg
803-425-5331 SC Camden       W. Bartschat    B    4       Odyssey
803-559-9473 SC John's Islnd Powers/Williams B           *John's Islander,40M
803-573-9216 SC Spartanburg  Stephen Hall                 Hallowed Halls,40M
803-686-5978 SC Hilton Head  Robert Manis    H    4       Softstar,30M
803-723-6430 SC Charleston   Mike Ratledge   TV   9H      EBayXchg-EGA,210M
803-738-2966 SC Columbia     George Spragins B$   4       Clearing House BBS
803-871-3710 SC Summerville  Mike Abbott     BV   4       Turbo-88 SoftXchg
803-875-5537 SC Summerville  Ralph Martin    BV   4       Summerville 80, 60M
804-296-7591 VA Charlo'ville Mike Watkins    BV    N,W    ByteLines,C,Pascal,
804-445-1627 VA Norfolk      David Chapman                NARDAC (Navy/Micro)
804-461-3404 VA Norfolk      Agreste/Chen'lt B    4       Alarmsoft,63M,satel
804-467-1786 Va Virginia Bch Jonny Shade     OV   4       Chopper Base
804-481-1824 VA VA Beach     Rob Cecchino    $    4       Comp. Connx,2Node
804-547-4534 VA Chesapeake   Art Guertin                  KIS Rbbs
804-587-9241 VA Norfolk      Shawn Chenault  $    9U      Micro-Enhancements
804-744-7450 VA Chest'field  Jim Stallings        4       The Domain
804-790-1675 VA Richmond     Webb Blackman        4       Blue Ridge Express
804-973-5639 VA Charl'ville  Mark Cagley     BV   4       Home of ArcDoor
805-322-8800 CA Bakersfield  Huron-Heming    O$   9       Kerncom
805-395-0650 CA Bakersfield  Jim Harrer      W    9U      Mustang Wildcat
805-484-4088 CA Camarillo    Jim Collar      BV   4       RTCS Tech,Intel OS
805-484-9343 CA Westlake     Charles Besson  O    4       Royalink
805-492-5472 CA Thous. Oaks  Trevor Marshall R            Technical RCPM
805-526-0609 CA Simi Valley  Alan McDonald   C            IBM Data Shop
805-656-0314 CA Ventura      Stephen Geddes  W    4       Gold Mine
805-948-8047 CA Lancaster    Huston/Taylor   T    4       Lancaster TBBS.75M
805-968-6905 CA Goleta       Bob Adair       BV   4       Mr. Clean,65M
805-987-7662 CA Camarillo    Charles Whitman O            CW,40M
806-742-2917 TX Lubbock      David Coons     BV   4       Texas Tech U
806-792-6116 TX Lubbock      Bob Wagner      B$   4       Windmill, GL
808-422-8406 HI Honolulu     W. Arrington         4       HPCUA,Portables
808-533-0190 HI Honolulu     L. Mednick           4       Small Biz Network
808-541-2614 HI Honolulu     P. H. Fukuhara  BV   4       The FEDS,100M
808-541-2639 HI Honolulu     U.S. Govt       F    4       Uncle Sam,#1
808-941-5827 HI Honolulu     R. Overlock     F    4       Doc Overlock's
808-942-2508 HI Honolulu     113/436         F    4       Computer Station
809-751-7728 PR San Juan     Juan Davila     $    4       Mega-D
809-756-7137 PR Hato Rey     Arturo Morales  W            Rhodes,IBM,Atari,CBM
812-332-RBBS IN Bloomington  John Taylor          4       Indiana On-line,22M
812-334-8453 IN Bloomington  Kenneth Larimer O            C Guild,67M,Xenix
812-335-7252 IN Bloomington  Robert Cole     B    9U      PC-Link Central,234M
813-294-6233 FL Winter Haven Ingram Leedy    N            DigiCom BBS
813-526-1265 FL St Pete      Ken Hunt        B$   9U      Computronics
813-526-3388 FL St Pete      Thomas Angarano B$   4       MicroVision,62M
813-531-4342 FL St Pete      Wayne Froemke   O    4       Future Computer Svc
813-531-7340 FL Clearwater   Hewie Poplock   B$   4       FABulous BBS,60M
813-541-2735 FL Pinellas Prk John Reinhart   FV           West Coast IBM
813-545-8050 FL Largo        Mike B. Murdock B    4       MegaNet,140M
813-574-2711 FL Ft. Myers    Eric Kimble     B    4       SFUG,Divers-Net
813-625-5636 FL P. Charlotte Jerry Albert         9H      Parlor,Eng'g,800M
813-683-9354 FL Lakeland     Mahan & Yates   BV   4       J & M Marine
813-726-6157 FL Palm Harbor  Gene Wahoff     B            Smart Connections
813-733-2415 FL Dunedin      Reid Baker      T    4       Dunedin Realty
813-774-3940 FL Naples       Bill Obdyke     T    4       OPS,40M
813-785-3243 FL Clearwater   Ken Pangborn         9U      Men Int'l Info Net
813-793-2392 FL Naples       Gerhard  Barth  BV   4       Tamiami,40M
813-796-5627 FL Clearwater   Steve Sanders   B$40 4       DataCOM,150M
813-869-3700 FL Hudson       Herb Mellinger  WV   9U      Silicon Lab,250M
813-879-0298 FL Tampa        Van Flowers     $5   4      ^Sands II,123,80M
813-882-0494 FL Tampa        Ken Johnson     $    4      ^CAD Connx.
813-887-3984 FL Tampa        Dave Hacquebord $    4      ^Sunshine Brd,3node
813-888-5862 FL Tampa        S. Dellaportas       4      ^Tampa RBBS-PC
813-932-6939 FL Tampa        Wes Cowley      F    4      ^Ark Tangent,CompSci
813-945-1957 FL Cape Coral   Fred Niemczenia OV   4       Warped Drive
813-952-1839 FL Sarasota     Paul Geist      O    4       Sarasota NightScene
813-963-6362 FL Tampa        Joe Fleming     O$15 4      ^IBM-PC of Tampa
813-968-6220 FL Tampa        Jeff Poritz     B$   9U     ^Computer Arch,370M
814-234-2971 PA St College   Marty Grove     W    4       Entity,30M
814-371-5881 PA Dubois       Frank Maczaczyj B    4       Random Access,100M
814-966-3918 PA Rixford      Leo Angevine    T    4       Vale View Farms,12M
815-397-3210 IL Rockford     Steve Carlson   B$   9       Micro-Net
815-672-5401 IL Streator     Jim Thomas           9U      Chatterbox
815-744-7080 IL Joliet       Bob Gray        BV         ^^Tandy RBBS,40M
815-838-8734 IL Lockport     Jim Stephenson       4       Camac Online,30M
815-933-7741 IL Bourbonnais  Haydn Doughty   O    4       Bourbon. Opus,30M
816-229-1841 MO Blue Springs Gary Wood       BV   4       KCM,Mail reg,144M
816-454-4448 MO Kansas City  Larry Clouse    BV   4       US-BBS,Mail Regist.
817-273-3966 TX Ft. Worth    Social Services F    4      ^CUSSnet UTA,130/005
817-641-3272 TX Keene        Jim Culver      O    4       Chisholm,43M
818-248-1087 CA LaCrecenta   Robert Jones    V    4      ^BJ's
818-334-5635 CA Azusa        Doug Luce       B    4       D&D VIP Data Xchg
818-352-3620 CA Glendale     J. Sheppard     B    9      ^The Ledge
818-363-3505 CA Granada Hls  Jon Dekeles          4       IBM & Atari ST,40M
818-367-3359 CA Sylmar       Tom Wyrick      B    4       dBored,dB,Clip,70M
818-716-5943 CA Canoga Park  David Scheall   B     8-23   MiCom PCB TUGNet
818-766-6442 CA N Hollywood  Jon Badeaux     O    4      ^Hotline Info Ctr
818-796-1519 CA Pasadena     Jim Harvey      O$   4      ^Words & Music
818-843-4874 CA Burbank      Paul Breedlov        4      ^Compu-Plane,70M
818-894-1248 CA Sepulveda    Ken Ough        B    4       Lunacy Board
818-906-8683 CA Sherman Oaks Michael Part    OV   4      ^Wicked Scherzo,30M
818-954-0800 CA Burbank      Larry Shadle         4      ^Underground RBBS
818-990-6842 CA Encino       Alan Adler      BV   4      ^Sysops only
901-362-9633 TN Memphis      Dana Stine      N    4       NoChange
904-252-1070 Fl Daytona Bch  Dave Crossett        4       Brown Bag,dBase,C
904-253-4846 FL Daytona Bch  Bill Kuhn       V    4      *Thunderbolt,30M
904-265-4643 FL Lynn Haven   Jack Pizza      T    4       House of Help,Games
904-272-2293 FL Orange Park  Larry Rich      BV   4       Leading Edge RBBS
904-368-6945 FL Ocala        Eric Carr       OV   4,20-8  Smokey's Place
904-373-5864 FL Gainesville  Robert Cox      OV   9U      Bob's Corner Board
904-377-8169 FL Gainesville  David Rockey    B    9U      Enchanted Forest,80M
904-385-6483 FL Tallahassee  Mycroft Labs    R            Mite-Line,MITE home
904-391-3777 FL Jacksonville Linda Abrams    B            PruMUG,Insurance
904-396-3064 FL Jacksonville Ed Krayer       B$   4       DEMO(plus),100M
904-562-3659 FL Tallahassee  Dave Miller     B    4       Tallahassee PCB
904-562-6206 FL Tallahassee  Lee Gorman                   Computer Music
904-730-3086 FL Jacksonville Neal/Cutchins        4       Exit to DOS BBS
904-737-6654 FL Jacksonville Dave Girvan     N    4       Channel One,44M
904-765-3091 FL Jacksonville Carlton Pringle N    4
904-878-4413 FL Tallahassee  Doug Ferrell         4       The Exchange!,60M
906-487-2738 MI Hancock      MTPCUG          F    4       MTPCUG Opus
907-344-8041 AK Anchorage    Jan Zumwalt                  PC Club News/Bus SI
912-333-5975 GA Valdosta     Paul Worth           9       Valdosta St.Coll
913-469-2301 KS Overland Pk  Tim Stanley     B    4       JCCC,85M,a.-2302
913-829-5417 MO Kansas City  Terry Leckbee   $    4       TEL-KC
914-238-5833 NY Chappaqua    Mike Lepp       V            Programmers Wkshop
914-246-6906 NY Saugerties   Harry Kaemmerer OV           Data-Plus,DOS,CP/M
914-297-5616 NY Wapp. Falls  Dave Burkhart   B    4       Software City,40M
914-343-8292 NY Middletown   Chuck Newman         4       Beta Projections,45
914-353-2176 NY South Nyack  Charlie Innusa  BV   4       PC-Rockland,308M,AT
914-368-0658 NY Suffern      Mike Halsall    B    4       Eastern 'C' Brd,40M
914-376-2657 NY Yonkers      Norman Dachamn  B    9U      Hire-A-Techie,100M
914-462-1536 NY Poughkeepsie Paul Corey      BV   4       PC-PANIC
914-565-3088 NY Newburg      Steve Davis     W    4       Last Resort
914-576-6139 NY New Rochelle Bob Browne      BV           SOS,32M
914-667-4567 NY Mt Vernon    Andy Keeves     BV   9U      Exec Net,LAN,240M
914-681-1769 NY White Plains Jay Goldstein   B    4       Kashmir
914-725-4060 NY Scarsdale    Frank Roberts   O    4       OSUNY,40M
914-735-9362 NY Pearl River  Farokh Irani    O    4       Electronic NY
914-762-8055 NY ??           Robert Tolz          9     *^PAL Software
914-783-0343 NY Chester      Bob Biegel      OV   4       Hillside,40M
915-592-4976 TX El Paso      Jon Schneider   OV   9       Rio Grande Z-Node39
915-949-0514 TX San Angelo   Dan Wilson      O            Gee! Board,50M
915-949-2200 TX San Angelo   Bob Thornton    O    4       File Exchange,40M
916-344-8141 CA N.Highlands  Central High    CV           Cen High Colossus
916-381-8788 CA Sacramento   Charles Doughty $    4       Capital City Gatewa
916-481-6320 CA Sacramento   Peggy Renschler T    4       Family Radio Forum
916-622-2052 CA Placerville  George Cardoza  O    4       El Dorado Ofc Educ
916-725-5510 CA Sacramento   Ted Sudtell          4       Biz_Net
916-888-8202 CA Auburn       Wayne Ash            4       Blue Gold/U.G.
916-929-7511 CA Sacramento   Bob Breedlove   OV   4       Bob's BBS
916-961-1042 CA Sacramento   Rich Hackney    GV   4      *Big RH Hideaway
916-989-1048 CA Orangevale   Seher/Lemson    O    4       Frightened
918-234-6150 OK Tulsa        David Dawson    B    4       Robotics BBS
918-252-5542 OK Tulsa        Joe Winett      T    4       1st Amendment
918-425-5401 OK Tulsa        S. Rahseparain  B    4       Telecom Int'l
918-493-2137 OK Tulsa        Mike Johnson    F    9       Unix,C,PC-Util,#329
918-582-8044 OK Tulsa        Steve Murtha    O            Tulsa Jr. College
918-749-0718 OK Tulsa        Lynn Long       I$25 4       "C"
919-235-3656 NC Bailey       Mark Turik           4       Doctor's Office
919-362-4222 NC Apex         John Kincaid         4,N    ^Supply Line
919-364-7378 NC Timberlake   Jeffrey Barnes       9U      The No Games,180M
919-383-4905 NC Durham       Tom Faulkner    T    4      ^Faulkner Supply
919-471-8048 NC Durham       Dave Miller     V    4      ^RTA,80M
919-737-3990 NC Raleigh      Wayne Cornelius             ^Sesame,Wildlife/Fis
919-893-5206 NC Buies Creek  Rick Rodgers    B$   4       F&D (lawyers)
-----------------------------------------------------------------------------
T/S: BBS Type and Status
     TYPE CODES (RBBS-PC is default)         STATUS
        B = PCBoard                             V = User validation reqd
        C = Colossus/Collie                     $ = Subscription reqd
        D = DBBS
        F = Fido
        H = Hostcomm/PC-Host                  HOURS CODES
        W = Wildcat                              N = Nights
        N = NoChange                             W = All weekend
        O = Opus or Other
        R = RCP/M                            ^ = CAN BE REACHED BY PC-PURSUIT
        T = TCOMM or TBBS                    ^^ = DIAL408, THEN 415+NUMBER
        G = GT Host                               DIAL312,THEN 1-815
BdHrs: (300/450/1200, 24 Hrs, default)        202,301,703 = DIAL202
      BAUD CODES                              213,818     = DIAL213
        4 = 300/1200/2400   or  1200/2400     214,817     = DIAL214
        9 = 1200/2400/9600                    718 = DIAL212,THEN 1718+NO.
            M=Microcom, U=USR, F=FastComm
-----------------------------------------------------------------------------
Note: An asterisk before NAME column means changed since last revision.

                    - - E N D   O F   L I S T - -
